;; -*- mode: Lisp; -*-

(setq prj-version "0.4")

(setq prj-list
      '(("veeqo" "~/src/veeqo")
        ("api2cart-daemon" "~/src/api2cart-daemon")
        ("api2cart-ruby" "~/src/api2cart-ruby")
        ("veeqo-anti-throttling-proxy" "~/src/veeqo-anti-throttling-proxy")
        ("API2Cart-0.0.1" "~/src/vendor/API2Cart-0.0.1")
        ("mws-rb" "~/src/vendor/mws-rb")
        ("reel" "~/src/vendor/reel")
        ("eventmachine" "~/src/vendor/eventmachine")
        ("shopify_api" "~/src/shopify_api")
        ("pry" "~/src/vendor/pry")
        ("ruby" "~/src/vendor/ruby")
        ("rails" "~/src/vendor/rails")
        ("heroku" "~/src/vendor/heroku")
        ("dachee-ruby" "~/src/dachee-ruby")
        ("proxymachine" "~/src/vendor/proxymachine")
        ("Mei" "~/src/vendor/Mei")
        ("em-proxy" "~/src/vendor/em-proxy")
        (".emacs.d" "~/.emacs.d")
        ("heroku" "~/src/heroku")
        ("heroku-rails-runner" "~/src/heroku-rails-runner")
        ("data-wales" "~/src/data-wales")
        ("ebayapi-19" "~/src/ebayapi-19")
        ("redis-concurrent_bounded_list" "~/src/redis-concurrent_bounded_list")
        ("json-to-csv" "/tmp/json-to-csv")
        ("кыргыз-тили" "~/src/кыргыз-тили")
        ("shutup.tw" "~/src/shutup.tw")
        ("will_paginate" "~/src/will_paginate")
        ("activerecord-minus" "~/src/active_record-minus")
        ("my-texts" "~/Dropbox/my-texts")
        ("savon" "~/src/vendor/savon")
        ("colobot" "~/src/colobot")
        ("shopify_api" "~/src/vendor/shopify_api")
        ("ruby-geometry" "~/src/ruby-geometry")
        ("rails3-caching-sandbox" "~/src/rails3-caching-sandbox")
        ("rails4-caching-sandbox" "~/src/rails4-caching-sandbox")
        ("array_to_proc" "~/src/array_to_proc")
        ("gravity" "~/src/gravity")
        ("jbuilder-benchmark" "~/src/jbuilder-benchmark")
        ("install-fest" "~/src/install-fest")
        ("rails4-sandbox" "~/src/rails4-sandbox")
        ("mws-rb" "~/src/mws-rb")
        ("paranoia" "~/src/paranoia")
        ("veeqo-framework" "~/src/veeqo-framework")
        ("ruby_koans" "~/src/ruby_koans")
        ("eproject" "/home/daniel/.emacs.d/elpa/eproject-0.4")))

(setq prj-last-open "veeqo")

(setq prj-frame-pos
      '((top . 0)
        (left . 0)
        (width . 190)
        (height . 53)))

